../Core/Src/main.c:139:5:main	8	static
../Core/Src/main.c:246:6:SystemClock_Config	88	static
../Core/Src/main.c:300:13:MX_USART2_UART_Init	8	static
../Core/Src/main.c:333:13:MX_GPIO_Init	48	static
../Core/Src/main.c:379:6:StartAutoGreen	16	static
../Core/Src/main.c:407:6:StartAutoYellow	16	static
../Core/Src/main.c:426:6:StartAutoRed	16	static
../Core/Src/main.c:446:6:StartPedRed	16	static
../Core/Src/main.c:473:6:startPedGreen	16	static
../Core/Src/main.c:494:6:HAL_TIM_PeriodElapsedCallback	16	static
../Core/Src/main.c:511:6:Error_Handler	4	static,ignoring_inline_asm
